https://raw.githubusercontent.com/Salem0105/autonomic/main/codeabbey/006/Rouding.R
https://raw.githubusercontent.com/edy89/autnomic/main/rounding.ada
https://raw.githubusercontent.com/andresfes12/autonomic_others/main/006.adb
https://raw.githubusercontent.com/Intedai/Math-Select/main/MathSelect.ahk
https://raw.githubusercontent.com/lllllll-llll-llllll/codeabbey_autoit/master/06.au3
https://raw.githubusercontent.com/andresfes12/autonomic_others/main/006.awk
https://raw.githubusercontent.com/jimmelanson/excel_vba_Rounding_Numbers/main/round_to_number.bas
https://raw.githubusercontent.com/andresfes12/autonomic_others/main/006.bash
https://raw.githubusercontent.com/Karly-Mantilla/codeabbey-external-solutions/master/006-rounding/006-rounding.bf
https://raw.githubusercontent.com/phuclevinh2000/CodeAbbey/master/Rounding.c
https://raw.githubusercontent.com/andresfes12/autonomic_others/main/006.coffee
https://raw.githubusercontent.com/spokenlore/CodeAbbey/master/Beginner/7.%20rounding/rounding.cpp
https://raw.githubusercontent.com/pastelito02/Challenges-sol/master/Programming/Codeabbey/006/slayfer1112.cr
https://raw.githubusercontent.com/Tempurturtul/CodeAbbey/master/C%23/Rounding.cs
https://raw.githubusercontent.com/andresfes12/autonomic_others/main/006.csh
https://raw.githubusercontent.com/Salem0105/autonomic/main/codeabbey/006/Rouding.d
https://raw.githubusercontent.com/Karly-Mantilla/codeabbey-external-solutions/master/006-rounding/006-rounding.f95
https://raw.githubusercontent.com/andresfes12/autonomic_others/main/006.fal
https://raw.githubusercontent.com/Karly-Mantilla/codeabbey-external-solutions/master/006-rounding/006-rounding.fth
https://raw.githubusercontent.com/vinitkantrod/go-codeabbey/master/07_rounding/main.go
https://raw.githubusercontent.com/jb55/tdecimal/master/TDecimal.hs
https://raw.githubusercontent.com/andresfes12/autonomic_others/main/006.hx
https://raw.githubusercontent.com/dsernag/CodeabbeySolutions/main/problem006.hy
https://raw.githubusercontent.com/bkawan/codeabbey_python/master/problem-6.ipynb
https://raw.githubusercontent.com/edy89/autnomic/main/rounding.janet
https://raw.githubusercontent.com/ImEngineerDew/JavaFiles/master/Challenges/CodeAbbey/number006/src/roundingRecursive.java
https://raw.githubusercontent.com/skilled19/sols/master/harv/codeabbey-6-rounding.jl
https://raw.githubusercontent.com/DylanLenz/codeAbbey_Solutions_JavaScript/master/rounding_codeAbbey_6.js
https://raw.githubusercontent.com/Salem0105/autonomic/main/codeabbey/006/Rouding.kt
https://raw.githubusercontent.com/JaoJSD/Codeabbey-problems/main/Rounding.lua
https://raw.githubusercontent.com/andresfes12/autonomic_others/main/006.mc
https://raw.githubusercontent.com/pastelito02/Challenges-sol/master/Programming/Codeabbey/006/stefan.schmiedl.ml
https://raw.githubusercontent.com/edy89/autnomic/main/rounding.mli
https://raw.githubusercontent.com/andresfes12/autonomic_others/main/006.oz
https://raw.githubusercontent.com/pastelito02/Challenges-sol/master/Programming/Codeabbey/006/vtivadze.php
https://raw.githubusercontent.com/MadcapJake/codeabbey-problems/master/perl6/rounding/rounding.pl
https://raw.githubusercontent.com/ValeWasTaken/CodeAbbey_Solutions/master/Python/id006-Rounding.py
https://raw.githubusercontent.com/Karly-Mantilla/codeabbey-external-solutions/master/006-rounding/006-rounding.r
https://raw.githubusercontent.com/edy89/autnomic/main/rounding.raku
https://raw.githubusercontent.com/marclerodrigues/ruby_exercises/master/rounding.rb
https://raw.githubusercontent.com/andresfes12/autonomic_others/main/006.red
https://raw.githubusercontent.com/Salem0105/autonomic/main/codeabbey/006/Rouding.rexx
https://raw.githubusercontent.com/Salem0105/autonomic/main/codeabbey/006/Rouding.rs
https://raw.githubusercontent.com/Salem0105/autonomic/main/codeabbey/006/Rouding.rx
https://raw.githubusercontent.com/AlexMckey/CodeAbbey_Scala/master/src/Rounding.scala
https://raw.githubusercontent.com/Karly-Mantilla/codeabbey-external-solutions/master/006-rounding/006-rounding.scheme
https://raw.githubusercontent.com/Salem0105/autonomic/main/codeabbey/006/Rouding.sh
https://raw.githubusercontent.com/Salem0105/autonomic/main/codeabbey/006/Rouding.sml
https://gitlab.com/paolagiraldo/codeabbey_solutions/-/raw/master/6/problem_006.ts
https://raw.githubusercontent.com/Salem0105/autonomic/main/codeabbey/006/Rouding.txt
https://raw.githubusercontent.com/Salem0105/autonomic/main/codeabbey/006/Rouding.v
https://raw.githubusercontent.com/skilled19/sols/master/harv/codeabbey-6-rounding.vb
https://raw.githubusercontent.com/hail2u/vim-float-round/master/plugin/float-round.vim
