https://raw.githubusercontent.com/stefanos1316/Rosetta_Code_Research_MSR/master/Scripts/Task/linear-congruential-generator/ada/linear-congruential-generator-1.ada
https://raw.githubusercontent.com/stefanos1316/Rosetta_Code_Research_MSR/master/Scripts/Task/linear-congruential-generator/autohotkey/linear-congruential-generator.ahk
https://raw.githubusercontent.com/stefanos1316/Rosetta_Code_Research_MSR/master/Scripts/Task/linear-congruential-generator/algol-68/linear-congruential-generator.alg
https://raw.githubusercontent.com/AlexPukall/PRNG64/main/prng64-6502.asm
https://raw.githubusercontent.com/lllllll-llll-llllll/codeabbey_autoit/master/25.au3
https://raw.githubusercontent.com/stefanos1316/Rosetta_Code_Research_MSR/master/Scripts/Task/linear-congruential-generator/bbc-basic/linear-congruential-generator.bbc
https://raw.githubusercontent.com/stefanos1316/Rosetta_Code_Research_MSR/master/Scripts/Task/linear-congruential-generator/befunge/linear-congruential-generator.bf
https://raw.githubusercontent.com/stefanos1316/Rosetta_Code_Research_MSR/master/Scripts/Task/linear-congruential-generator/bracmat/linear-congruential-generator.bracmat
https://raw.githubusercontent.com/phuclevinh2000/CodeAbbey/master/Linear%20Congruential%20Generator.c
https://raw.githubusercontent.com/pastelito02/Challenges-sol/master/Programming/Codeabbey/025/yjrhgvbn.cc
https://raw.githubusercontent.com/stefanos1316/Rosetta_Code_Research_MSR/master/Scripts/Task/linear-congruential-generator/clojure/linear-congruential-generator.clj
https://raw.githubusercontent.com/gravoo/codeabbey/master/Linear%20Congruential%20Generator.cpp
https://raw.githubusercontent.com/AleksandrSD/CodeAbbeyProblems/master/Problem25/Program.cs
https://raw.githubusercontent.com/pastelito02/Challenges-sol/master/Programming/Codeabbey/025/Ratzenfutz.d
https://raw.githubusercontent.com/ethanm8n/LCG-Random-Range/main/LCGRange.dots
https://raw.githubusercontent.com/stefanos1316/Rosetta_Code_Research_MSR/master/Scripts/Task/linear-congruential-generator/elixir/linear-congruential-generator.elixir
https://raw.githubusercontent.com/stefanos1316/Rosetta_Code_Research_MSR/master/Scripts/Task/linear-congruential-generator/erlang/linear-congruential-generator.erl
https://raw.githubusercontent.com/stefanos1316/Rosetta_Code_Research_MSR/master/Scripts/Task/linear-congruential-generator/erre/linear-congruential-generator.erre
https://raw.githubusercontent.com/stefanos1316/Rosetta_Code_Research_MSR/master/Scripts/Task/linear-congruential-generator/fortran/linear-congruential-generator.f
https://raw.githubusercontent.com/franncapurro/linear_congruential_generator/master/prandom_points.f90
https://raw.githubusercontent.com/stefanos1316/Rosetta_Code_Research_MSR/master/Scripts/Task/linear-congruential-generator/forth/linear-congruential-generator.fth
https://raw.githubusercontent.com/RobbieMcKinstry/UniformRandom/master/RandGenerator/rand_generator.go
https://raw.githubusercontent.com/pastelito02/Challenges-sol/master/Programming/Codeabbey/025/scoandre.hs
https://raw.githubusercontent.com/stefanos1316/Rosetta_Code_Research_MSR/master/Scripts/Task/linear-congruential-generator/icon/linear-congruential-generator.icon
https://raw.githubusercontent.com/PrexIITian/PA4_PRNGs_and_Tests/main/Two_PRNGs_and_two_tests.ipynb
https://raw.githubusercontent.com/stefanos1316/Rosetta_Code_Research_MSR/master/Scripts/Task/linear-congruential-generator/j/linear-congruential-generator-1.j
https://raw.githubusercontent.com/meganroche/CodeAbbeySolutions/master/Java/LCG.java
https://raw.githubusercontent.com/pastelito02/Challenges-sol/master/Programming/Codeabbey/025/kittyaurel.jl
https://raw.githubusercontent.com/stefanos1316/Rosetta_Code_Research_MSR/master/Scripts/Task/linear-congruential-generator/jq/linear-congruential-generator-1.jq
https://raw.githubusercontent.com/pastelito02/Challenges-sol/master/Programming/Codeabbey/025/Ekz_amin.js
https://raw.githubusercontent.com/stefanos1316/Rosetta_Code_Research_MSR/master/Scripts/Task/linear-congruential-generator/julia/linear-congruential-generator.julia
https://raw.githubusercontent.com/stefanos1316/Rosetta_Code_Research_MSR/master/Scripts/Task/linear-congruential-generator/k/linear-congruential-generator.k
https://raw.githubusercontent.com/MahiroEnako/render/main/025/LinearCongruentialGenerator.kt
https://raw.githubusercontent.com/stefanos1316/Rosetta_Code_Research_MSR/master/Scripts/Task/linear-congruential-generator/picolisp/linear-congruential-generator.l
https://raw.githubusercontent.com/stefanos1316/Rosetta_Code_Research_MSR/master/Scripts/Task/linear-congruential-generator/liberty-basic/linear-congruential-generator.liberty
https://raw.githubusercontent.com/chriswood/codeabbey/master/ca25.lisp
https://raw.githubusercontent.com/stefanos1316/Rosetta_Code_Research_MSR/master/Scripts/Task/linear-congruential-generator/logo/linear-congruential-generator.logo
https://raw.githubusercontent.com/daveyang/PseudoRandom/master/main.lua
https://raw.githubusercontent.com/stefanos1316/Rosetta_Code_Research_MSR/master/Scripts/Task/linear-congruential-generator/mathematica/linear-congruential-generator.math
https://raw.githubusercontent.com/stefanos1316/Rosetta_Code_Research_MSR/master/Scripts/Task/linear-congruential-generator/maxima/linear-congruential-generator.maxima
https://raw.githubusercontent.com/pastelito02/Challenges-sol/master/Programming/Codeabbey/025/stefan.schmiedl.ml
https://raw.githubusercontent.com/stefanos1316/Rosetta_Code_Research_MSR/master/Scripts/Task/linear-congruential-generator/nim/linear-congruential-generator.nim
https://raw.githubusercontent.com/stefanos1316/Rosetta_Code_Research_MSR/master/Scripts/Task/linear-congruential-generator/oforth/linear-congruential-generator.oforth
https://raw.githubusercontent.com/stefanos1316/Rosetta_Code_Research_MSR/master/Scripts/Task/linear-congruential-generator/pari-gp/linear-congruential-generator.pari
https://raw.githubusercontent.com/stefanos1316/Rosetta_Code_Research_MSR/master/Scripts/Task/linear-congruential-generator/pascal/linear-congruential-generator.pascal
https://raw.githubusercontent.com/mpeshehonov/Codeabbey/master/practice/%2325/index.php
https://raw.githubusercontent.com/skilled19/sols/master/harv/codeabbey-8-arithmetic-progression.pl
https://raw.githubusercontent.com/stefanos1316/Rosetta_Code_Research_MSR/master/Scripts/Task/linear-congruential-generator/perl-6/linear-congruential-generator.pl6
https://raw.githubusercontent.com/stefanos1316/Rosetta_Code_Research_MSR/master/Scripts/Task/linear-congruential-generator/pl-i/linear-congruential-generator.pli
https://raw.githubusercontent.com/stefanos1316/Rosetta_Code_Research_MSR/master/Scripts/Task/linear-congruential-generator/powershell/linear-congruential-generator.psh
https://raw.githubusercontent.com/vinitkantrod/codeabbey-Solutions-in-Python/master/25_linear_function.py
https://raw.githubusercontent.com/pastelito02/Challenges-sol/master/Programming/Codeabbey/025/rainer_strauss.rb
https://raw.githubusercontent.com/stefanos1316/Rosetta_Code_Research_MSR/master/Scripts/Task/linear-congruential-generator/rexx/linear-congruential-generator.rexx
https://raw.githubusercontent.com/pastelito02/Challenges-sol/master/Programming/Codeabbey/025/CrazyCapitan.rs
https://raw.githubusercontent.com/stefanos1316/Rosetta_Code_Research_MSR/master/Scripts/Task/linear-congruential-generator/run-basic/linear-congruential-generator.run
https://raw.githubusercontent.com/WatashiMath/devil/Shiten/kodeabei/kode/nijuugo/Senkei%20goudou%20jenereetaa.rx
https://raw.githubusercontent.com/javilag/codeAbbeyChalls/master/Challs/Scala/025.scala
https://raw.githubusercontent.com/stefanos1316/Rosetta_Code_Research_MSR/master/Scripts/Task/linear-congruential-generator/seed7/linear-congruential-generator.seed7
https://raw.githubusercontent.com/stefanos1316/Rosetta_Code_Research_MSR/master/Scripts/Task/linear-congruential-generator/unix-shell/linear-congruential-generator.sh
https://raw.githubusercontent.com/stefanos1316/Rosetta_Code_Research_MSR/master/Scripts/Task/linear-congruential-generator/sidef/linear-congruential-generator.sidef
https://raw.githubusercontent.com/stefanos1316/Rosetta_Code_Research_MSR/master/Scripts/Task/linear-congruential-generator/scheme/linear-congruential-generator.ss
https://raw.githubusercontent.com/stefanos1316/Rosetta_Code_Research_MSR/master/Scripts/Task/linear-congruential-generator/swift/linear-congruential-generator.swift
https://raw.githubusercontent.com/stefanos1316/Rosetta_Code_Research_MSR/master/Scripts/Task/linear-congruential-generator/tcl/linear-congruential-generator-1.tcl
https://raw.githubusercontent.com/Dejvovo/lcg_generator/main/src/generator/generator.ts
https://raw.githubusercontent.com/pastelito02/Challenges-sol/master/Programming/Codeabbey/025/Guy-Gervais.vb
https://raw.githubusercontent.com/Robert-Ruilin/Simulation-Techniques/master/LCG.vba
https://raw.githubusercontent.com/JesseClarkND/codeabbey_in_C-NET/master/Linear%20Congruential%20Generator
https://raw.githubusercontent.com/mitchsilberstein/Linear-Congruential-Generator/master/Code
https://raw.githubusercontent.com/stefanos1316/Rosetta_Code_Research_MSR/master/Scripts/Task/linear-congruential-generator/freebasic/linear-congruential-generator.freebasic
https://raw.githubusercontent.com/stefanos1316/Rosetta_Code_Research_MSR/master/Scripts/Task/linear-congruential-generator/purebasic/linear-congruential-generator.purebasic
https://raw.githubusercontent.com/stefanos1316/Rosetta_Code_Research_MSR/master/Scripts/Task/linear-congruential-generator/sparkling/linear-congruential-generator-1.sparkling
