https://raw.githubusercontent.com/arunatma/Bulls/master/server.R
https://raw.githubusercontent.com/Wenjyun/CS3340.001/master/bullsandcows.asm
https://raw.githubusercontent.com/lllllll-llll-llllll/codeabbey_autoit/master/59.au3
https://raw.githubusercontent.com/LeoCloser/Bulls-and-cows-game/master/keyboardBullsAndCows.c
https://raw.githubusercontent.com/gpsoft/moo/master/src/moo/core.clj
https://raw.githubusercontent.com/gravoo/codeabbey/master/Bulls%20and%20Cows.cpp
https://raw.githubusercontent.com/Alekseyya/Codeabbey/master/Task_59/Program.cs
https://raw.githubusercontent.com/aditya383/Bulls-and-Cows-Flutter-Firebase/master/lib/game/game.dart
https://raw.githubusercontent.com/nns2009/Bulls-and-Cows/master/src/Main.elm
https://raw.githubusercontent.com/tanyakavrakova/bulls_and_cows/master/lib/bulls_and_cows/game.ex
https://raw.githubusercontent.com/johnfredswift/CodeAbbey/master/ProblemsCode/BullsAndCows.go
https://raw.githubusercontent.com/UnrealCourse/02_BullCowGame/master/BullCowGame/FBullCowGame.h
https://raw.githubusercontent.com/pikapikapikachuuu/BullsAndCows/master/src/Guess.hs
https://raw.githubusercontent.com/dmalikov/bulls-and-cows/master/src/Main.idr
https://raw.githubusercontent.com/milaan9/92_Python_Games/main/001_Bulls_and_Cows_with_AI/002_Bulls_and_Cows_with_AI.ipynb
https://raw.githubusercontent.com/Maximization/CodeAbbey/master/src/BullsAndCows.java
https://raw.githubusercontent.com/McQuinTrix/CodeAbbey/master/59.%20Bulls_and_Cows.js
https://raw.githubusercontent.com/spff/multithread-bulls-and-cows/master/app/src/test/java/tw/inspect/bullsandcows/Benchmark.kt
https://raw.githubusercontent.com/KodeGigaChad/CodeShake/main/Challenges/code/shake/059/Bulls%20and%20Cows.lfe
https://raw.githubusercontent.com/PaolaGiraldo/codeabbey_solutions/master/Lisp/59/problem_059.lsp
https://raw.githubusercontent.com/artem1101gavrilov/BullsAndCows/master/BullsAndCows/logicgame.lua
https://raw.githubusercontent.com/ReasonKO/B-C/master/BullsAndCows.m
https://raw.githubusercontent.com/Navex67/TP_F1B_BULLS_AND_COWS/master/Main.pas
https://raw.githubusercontent.com/kpalani5/cowsnbulls/master/game.php
https://raw.githubusercontent.com/asysuev/bulls-and-cows/master/counter.pl
https://raw.githubusercontent.com/MoraGender/purogurabu_languages/main/codeabbey/059/Bulls%20and%20Cows.py
https://raw.githubusercontent.com/leoamigood/bullsandcows/c5923270a2c775609c8d001489423ad0caf1716c/spec/factories/game.rb
https://raw.githubusercontent.com/rednithin/CowsAndBulls/master/src/main.rs
https://raw.githubusercontent.com/relativist/bullsAndCows/master/bullAndCow.sh
https://raw.githubusercontent.com/mweglarz/BullsAndCows/master/BullCowGame.swift
https://raw.githubusercontent.com/JeongYunMi/BullsAndCows/main/src/store/index.ts
https://raw.githubusercontent.com/TanyaVon18/stratagem/main/codeabbey/code/059/Bulls%20and%20Cows.txt
https://raw.githubusercontent.com/McLogicmaster69/CowsAndBulls/master/SourceCode.vb
https://raw.githubusercontent.com/KodeGigaChad/CodeShake/main/Challenges/code/shake/059/Bulls%20and%20Cows.vl
https://raw.githubusercontent.com/JesseClarkND/codeabbey_in_C-NET/master/Bulls%20and%20Cows
