https://raw.githubusercontent.com/DaveGamble/cJSON/master/fuzzing/fuzz_main.c
https://raw.githubusercontent.com/DionysiosB/CodeAbbey/master/FunnyWordsGenerator.cpp
https://raw.githubusercontent.com/switch-project/switch-project.github.io/master/vendor/bootstrap/css/bootstrap.min.css
https://raw.githubusercontent.com/Micheduc25/Random-Words/master/lib/main.dart
https://raw.githubusercontent.com/vipul43/funny_text_generator/master/funny_text_generator.ipynb
https://raw.githubusercontent.com/igor-kutepov/codeabbey/master/src/main/java/com/kutepov/samples/codeabbey/FunnyWordsGenerator.java
https://gist.githubusercontent.com/swenzel/70beac153cdf23803f89/raw/0489ce7e773c52dec86c8de0dc905c82638a4f3c/wordGen.js
https://raw.githubusercontent.com/MahiroEnako/render/main/072/FunnyWordsGenerator.kt
https://raw.githubusercontent.com/florinpop17/app-ideas/master/CODE_OF_CONDUCT.md
https://raw.githubusercontent.com/kuoa/ocaml-misc/master/ocaml-fun/code-abbey/Ocaml/p72.ml
https://raw.githubusercontent.com/pastelito02/Challenges-sol/master/Programming/Codeabbey/072/Crakadoo.php
https://raw.githubusercontent.com/AndyCYao/codeabbey/master/CA_prob_72_Funny_World_Gen.py
https://raw.githubusercontent.com/javilag/codeAbbeyChalls/master/Challs/Scala/072.scala
https://raw.githubusercontent.com/DaveGamble/cJSON/master/fuzzing/ossfuzz.sh
https://raw.githubusercontent.com/ardislu/random-word-generator/main/main.ts
https://raw.githubusercontent.com/TanyaVon18/stratagem/main/codeabbey/code/072/Funny%20Words%20Generator.txt
https://pastebin.com/raw/BJk4WCBq
https://pastebin.com/raw/PruMbPuE
https://pastebin.com/raw/WBeSadKe
https://raw.githubusercontent.com/JesseClarkND/codeabbey_in_C-NET/master/Funny%20Words%20Generator
