https://raw.githubusercontent.com/cran/ACSWR/master/R/vonNeumann.R
https://raw.githubusercontent.com/Karly-Mantilla/codeabbey-external-solutions/master/024-Neumann's%20Random%20Generator/024-Neumann's%20Random%20Generator.ada
https://raw.githubusercontent.com/lllllll-llll-llllll/codeabbey_autoit/master/24.au3
https://raw.githubusercontent.com/Karly-Mantilla/codeabbey-external-solutions/master/024-Neumann's%20Random%20Generator/024-Neumann's%20Random%20Generator.b
https://raw.githubusercontent.com/Karly-Mantilla/codeabbey-external-solutions/master/024-Neumann's%20Random%20Generator/024-Neumann's%20Random%20Generator.bf
https://raw.githubusercontent.com/phuclevinh2000/CodeAbbey/master/Neumann's%20Random%20Generator.c
https://raw.githubusercontent.com/spokenlore/CodeAbbey/master/Beginner/21.%20neumannRNG/neumannRNG.cpp
https://raw.githubusercontent.com/aschutgh/CodeAbbey/master/ProblemN14ModularCalculator/Program.cs
https://raw.githubusercontent.com/pastelito02/Challenges-sol/master/Programming/Codeabbey/024/Ratzenfutz.d
https://gist.githubusercontent.com/kasperpeulen/8c0391f110737b2b9724/raw/261caa111187cccecd04044ea6f99142f4422f21/main.dart
https://raw.githubusercontent.com/pastelito02/Challenges-sol/master/Programming/Codeabbey/024/emmgame221.fs
https://raw.githubusercontent.com/javilag/codeAbbeyChalls/master/Challs/Go/024.go
https://raw.githubusercontent.com/pastelito02/Challenges-sol/master/Programming/Codeabbey/024/Haskeller.hs
https://raw.githubusercontent.com/shresthabibek/codeabbey/master/CodeAbbey/Untitled.ipynb
https://raw.githubusercontent.com/meganroche/CodeAbbeySolutions/master/Java/NeumannRG.java
https://raw.githubusercontent.com/pastelito02/Challenges-sol/master/Programming/Codeabbey/024/melisale.jl
https://raw.githubusercontent.com/pastelito02/Challenges-sol/master/Programming/Codeabbey/024/OLEKSII.js
https://raw.githubusercontent.com/agilangovan/Kotlin-Random-Number-Generator/master/app/src/main/java/app/com/example/android/kotlinrandnumgenerator/RandomActivity.kt
https://raw.githubusercontent.com/pastelito02/Challenges-sol/master/Programming/Codeabbey/024/chris_bandit.lisp
https://raw.githubusercontent.com/pastelito02/Challenges-sol/master/Programming/Codeabbey/024/WyattMarks.lua
https://raw.githubusercontent.com/pastelito02/Challenges-sol/master/Programming/Codeabbey/024/stefan.schmiedl.ml
https://raw.githubusercontent.com/Karly-Mantilla/codeabbey-external-solutions/master/024-Neumann's%20Random%20Generator/024-Neumann's%20Random%20Generator.ocaml
https://raw.githubusercontent.com/mpeshehonov/Codeabbey/master/practice/%2324/index.php
https://raw.githubusercontent.com/pastelito02/Challenges-sol/master/Programming/Codeabbey/024/pearl_barley.pl
https://raw.githubusercontent.com/vinitkantrod/codeabbey-Solutions-in-Python/master/24_modulo_and_time_difference.py
https://raw.githubusercontent.com/Karly-Mantilla/codeabbey-external-solutions/master/024-Neumann's%20Random%20Generator/024-Neumann's%20Random%20Generator.r
https://raw.githubusercontent.com/John-Russell/CodeAbbey/master/Neumanns%20Random%20Generator.rb
https://gist.githubusercontent.com/eu90h/664b68d3aa71ccd79930/raw/d7a20d6f8653066b5761b6d6267bce5591cc6a38/neumann_extractor.rkt
https://raw.githubusercontent.com/Karly-Mantilla/codeabbey-external-solutions/master/024-Neumann's%20Random%20Generator/024-Neumann's%20Random%20Generator.rns
https://raw.githubusercontent.com/Karly-Mantilla/codeabbey-external-solutions/master/024-Neumann's%20Random%20Generator/024-Neumann's%20Random%20Generator.rs
https://raw.githubusercontent.com/WatashiMath/devil/Shiten/kodeabei/kode/nijuuyon/Noiman%20no%20randamujenereta.rx
https://raw.githubusercontent.com/Karly-Mantilla/codeabbey-external-solutions/master/024-Neumann's%20Random%20Generator/024-Neumann's%20Random%20Generator.sa
https://raw.githubusercontent.com/AlexMckey/CodeAbbey_Scala/master/src/NeumannRndGen.scala
https://raw.githubusercontent.com/Karly-Mantilla/codeabbey-external-solutions/master/024-Neumann's%20Random%20Generator/024-Neumann's%20Random%20Generator.sln
https://raw.githubusercontent.com/Karly-Mantilla/codeabbey-external-solutions/master/024-Neumann's%20Random%20Generator/024-Neumann's%20Random%20Generator.swift
https://raw.githubusercontent.com/wizardsoftheweb/opensimplex-noise/fefa09b4c6714538019bcc22078d4b494e524244/src/LinearCongruentialGenerator64.ts
https://raw.githubusercontent.com/TanyaVon18/stratagem/main/codeabbey/code/024/Neumann%20Random%20Generator.txt
https://raw.githubusercontent.com/pastelito02/Challenges-sol/master/Programming/Codeabbey/024/Guy-Gervais.vb
https://pastebin.com/raw/7cnR3MxF
https://pastebin.com/raw/ivTcm2Dr
https://pastebin.com/raw/mTkTLjKt
https://raw.githubusercontent.com/JesseClarkND/codeabbey_in_C-NET/master/Neumann's%20Random%20Generator
