https://raw.githubusercontent.com/MoraGender/purogurabu_languages/main/codeabbey/008/Arithmetic%20Progression.abap
https://raw.githubusercontent.com/MoraGender/purogurabu_languages/main/codeabbey/008/Arithmetic%20Progression.adb
https://raw.githubusercontent.com/MahiroEnako/render/main/008/Arithmetic%20Progression.groovy
https://raw.githubusercontent.com/MahiroEnako/render/main/008/Arithmetic%20Progression.kt
https://raw.githubusercontent.com/TanyaVon18/stratagem/main/codeabbey/code/008/Arithmetic%20Progression.awk
https://raw.githubusercontent.com/TanyaVon18/stratagem/main/codeabbey/code/008/Arithmetic%20Progression.raku
https://raw.githubusercontent.com/WatashiMath/devil/Shiten/kodeabei/kode/hachi/Arithmetic%20Progression.cob
https://raw.githubusercontent.com/WatashiMath/devil/Shiten/kodeabei/kode/hachi/Arithmetic%20Progression.red
https://raw.githubusercontent.com/KodeGigaChad/CodeShake/programing/Challenges/code/shake/008/Arithmetic%20Progression.pony
https://raw.githubusercontent.com/KodeGigaChad/CodeShake/programing/Challenges/code/shake/008/Arithmetic%20Progression.rexx
